// Jest Snapshot v1, https://goo.gl/fbAQLP

exports[`AboutPodelis should render slogan 1`] = `
<div
  class="styles__Content-qezad7-1 bLPDXH"
>
  Podelis - Простой и удобный шаринг-сервис.
  <br />
  Арендуй поблизости.
  <br />
  Пользуйся тем что нужно, не покупая.
  <br />
  Сдавай в аренду вещи и зарабатывай.
  <br />
</div>
`;
